// Jest Snapshot v1, https://goo.gl/fbAQLP

exports[`Render Pages render correct todo item 1`] = `
<div
  class="p-card p-shadow-3"
>
  <div
    class="p-text-secondary done-text"
  >
    test
  </div>
  <div
    class="buttons-wrapper"
  >
    <button
      class="p-button p-component"
      type="button"
    >
      
      <span
        class="pi pi-pencil p-button-icon p-button-icon-left"
      />
      <span
        class="p-button-label"
      >
        Edit
      </span>
      <!--v-if-->
      
    </button>
    <button
      class="p-button p-component p-button-danger"
      type="button"
    >
      
      <span
        class="pi pi-trash p-button-icon p-button-icon-left"
      />
      <span
        class="p-button-label"
      >
        Delete
      </span>
      <!--v-if-->
      
    </button>
  </div>
</div>
`;

exports[`Render Pages render dynamic components 1`] = `<div class="dynamic-component-wrapper"></div>`;

exports[`Render Pages renders 404 page 1`] = `
<h1>
  Ooooops, Page not found
</h1>
`;

exports[`Render Pages renders Container correctly 1`] = `
<div
  class="container"
>
  
  
</div>
`;
